// Jest Snapshot v1, https://goo.gl/fbAQLP

exports[`HelloWorld should render 1`] = `
<div>
  <div>
    <form>
      <h1>
        useForm hook example
      </h1>
      <label
        for="firstName"
      >
        First name
      </label>
      <input
        id="firstName"
        name="firstName"
        rules="[object Object]"
        type="text"
        value="john"
      />
      <label
        for="lastName"
      >
        Last name
      </label>
      <input
        id="lastName"
        name="lastName"
        rules="[object Object]"
        type="text"
        value="doe"
      />
      <label
        for="hasUsedHooks"
      >
        Ever used hooks before ?
      </label>
      <select
        id="hasUsedHooks"
        name="hasUsedHooks"
      >
        <option
          value=""
        >
          Select a value
        </option>
        <option
          value="yes"
        >
          yes
        </option>
        <option
          value="no"
        >
          No
        </option>
        <option
          value="maybe"
        >
          Maybe
        </option>
        <option
          value="I don't know"
        >
          I don't know...
        </option>
        <option
          value="Can you repeat the question ?"
        >
          Can you repeat the question ?
        </option>
      </select>
      <button
        type="submit"
      >
        Submit
      </button>
    </form>
    <pre>
      {}
    </pre>
  </div>
</div>
`;
